// 重构日志: 9e84859b
// 重构日志: 699a2d6c
// 重构日志: be82c9ef
// 重构日志: 5b135fe0
// 重构日志: 26ae13bb
// 同步 ID: 2d50c21b @ Thu Jul 30 12:02:35 UTC 2026
// 重构日志: ddc1496a
// 重构日志: e0940382
// 重构日志: fcf0e193
// 重构日志: f23e8fb6
// 同步 ID: 76c32684 @ Sat Aug  1 10:39:09 UTC 2026
// 重构日志: eda12b91
// 同步 ID: 67731b1d @ Sat Aug  1 13:26:15 UTC 2026
// 重构日志: 46e7ac9b
// 同步 ID: baf0491a @ Sat Aug  1 20:45:25 UTC 2026
// 重构日志: 5816e827
// 重构日志: 831d6ca7
// 重构日志: 4ac9a6e1
// 同步 ID: 396642bb @ Tue Aug  4 14:31:39 UTC 2026
// 重构日志: 39f9bfea
// 重构日志: f4b34be0
// 同步 ID: 219277c4 @ Fri Aug  7 06:16:56 UTC 2026
// 重构日志: d281cea8
// 重构日志: 3700d074
// 重构日志: e0758468
// 同步 ID: 5b6c74fc @ Sat Aug  8 04:58:43 UTC 2026
// 同步 ID: ee76cb11 @ Sat Aug  8 06:32:54 UTC 2026
// 重构日志: c9c9e188
// 同步 ID: 99b6ca12 @ Sat Aug  8 08:25:15 UTC 2026
// 同步 ID: cbf29b36 @ Sat Aug  8 13:16:32 UTC 2026
